// Jest Snapshot v1, https://goo.gl/fbAQLP

exports[`smHeading renders default heading 1`] = `<h1></h1>`;
