// Jest Snapshot v1, https://goo.gl/fbAQLP

exports[`smButton render anchor correctly 1`] = `
<a type="button" class="button is-basic is-medium">
  <!---->
  <!---->
  <!---->
  <!----></a>
`;

exports[`smButton render default button correctly 1`] = `
<button type="button" class="button is-basic is-medium">
  <!---->
  <!---->
  <!---->
  <!----></button>
`;
