// Jest Snapshot v1, https://goo.gl/fbAQLP

exports[`smSelectSimple renders default select simple 1`] = `
<div class="sm-container"><label>
    <!---->
    <div class="input-wrapper"><select class="is-medium"></select></div>
  </label>
  <!---->
</div>
`;
