// Jest Snapshot v1, https://goo.gl/fbAQLP

exports[`smProgressBar renders default smProgressBar 1`] = `<progress max="100" value="20"></progress>`;
