// Jest Snapshot v1, https://goo.gl/fbAQLP

exports[`smProgressCircle renders default smProgressCircle 1`] = `<div class="progress-circle is-medium"></div>`;
