// Jest Snapshot v1, https://goo.gl/fbAQLP

exports[`smModal renders default smModal 1`] = `
<div class="modal">
  <sm-card-proposal-stub><template></template> <template></template> <template></template> <template></template></sm-card-proposal-stub>
</div>
`;
