// Jest Snapshot v1, https://goo.gl/fbAQLP

exports[`smIcon renders default icon 1`] = `
<svg class="icon is-medium" style="--color: #999999;">
  <use xlink:href="[object Object]#home"></use>
</svg>
`;
