// Jest Snapshot v1, https://goo.gl/fbAQLP

exports[`smComponentExtended renders button componentExtend 1`] = `
<button type="button" class="button is-basic is-small button-class" style="padding: 16px;">
  <!----> label
  <!---->
  <!----></button>
`;
